ColemanTransformInverse.0.0.1
ColemanTransformInverse.0.0.2
ColemanTransformInverse.0.0.3
ColemanTransformInverse.0.0.4
ColemanTransformInverse.0.0.5
ColemanTransformInverse.0.0.6
ColemanTransformInverse.0.0.7
ColemanTransformInverse.0.0.8
ColemanTransformInverse.0.0.9
ColemanTransformInverse.0.0.10
ColemanTransformInverse.0.0.11
ColemanTransformInverse.0.0.12
ColemanTransformInverse.0.0.13
ColemanTransformInverse.0.0.14
ColemanTransformInverse.0.0.15
ColemanTransformInverse.0.0.16
ColemanTransformInverse.0.0.17
ColemanTransformInverse.0.0.18
ColemanTransformInverse.0.0.19
ColemanTransformInverse.0.0.20
ColemanTransformInverse.0.0.12000
ColemanTransformInverse.0.0.12001
ColemanTransformInverse.0.0.12002
ColemanTransformInverse.0.0.12003
ColemanTransformInverse.0.0.12004
ColemanTransformInverse.0.0.12005
ColemanTransformInverse.0.0.12006
ColemanTransformInverse.0.0.12007
ColemanTransformInverse.0.0.12008
ColemanTransformInverse.0.0.12009
ColemanTransformInverse.0.0.12010
ColemanTransformInverse.0.0.12011
ColemanTransformInverse.0.0.12012
ColemanTransformInverse.0.0.12013
ColemanTransformInverse.0.0.12014
ColemanTransformInverse.0.0.12015
ColemanTransformInverse.0.0.12016
ColemanTransformInverse.0.0.12017
ColemanTransformInverse.0.0.12018
ColemanTransformInverse.0.0.12019
ColemanTransformInverse.0.0.12020
ColemanTransformInverse.0.0.23900
ColemanTransformInverse.0.0.23901
ColemanTransformInverse.0.0.23902
ColemanTransformInverse.0.0.23903
ColemanTransformInverse.0.0.23904
ColemanTransformInverse.0.0.23905
ColemanTransformInverse.0.0.23906
ColemanTransformInverse.0.0.23907
ColemanTransformInverse.0.0.23908
ColemanTransformInverse.0.0.23909
ColemanTransformInverse.0.0.23910
ColemanTransformInverse.0.0.23911
ColemanTransformInverse.0.0.23912
ColemanTransformInverse.0.0.23913
ColemanTransformInverse.0.0.23914
ColemanTransformInverse.0.0.23915
ColemanTransformInverse.0.0.23916
ColemanTransformInverse.0.0.23917
ColemanTransformInverse.0.0.23918
ColemanTransformInverse.0.0.23919
ColemanTransformInverse.0.0.23920
ColemanTransformInverse.0.0.21
