ColemanTransform.0.0.1
ColemanTransform.0.0.2
ColemanTransform.0.0.3
ColemanTransform.0.0.4
ColemanTransform.0.0.5
ColemanTransform.0.0.6
ColemanTransform.0.0.7
ColemanTransform.0.0.8
ColemanTransform.0.0.9
ColemanTransform.0.0.10
ColemanTransform.0.0.11
ColemanTransform.0.0.12
ColemanTransform.0.0.13
ColemanTransform.0.0.14
ColemanTransform.0.0.15
ColemanTransform.0.0.16
ColemanTransform.0.0.17
ColemanTransform.0.0.18
ColemanTransform.0.0.19
ColemanTransform.0.0.20
ColemanTransform.0.0.12000
ColemanTransform.0.0.12001
ColemanTransform.0.0.12002
ColemanTransform.0.0.12003
ColemanTransform.0.0.12004
ColemanTransform.0.0.12005
ColemanTransform.0.0.12006
ColemanTransform.0.0.12007
ColemanTransform.0.0.12008
ColemanTransform.0.0.12009
ColemanTransform.0.0.12010
ColemanTransform.0.0.12011
ColemanTransform.0.0.12012
ColemanTransform.0.0.12013
ColemanTransform.0.0.12014
ColemanTransform.0.0.12015
ColemanTransform.0.0.12016
ColemanTransform.0.0.12017
ColemanTransform.0.0.12018
ColemanTransform.0.0.12019
ColemanTransform.0.0.12020
ColemanTransform.0.0.23900
ColemanTransform.0.0.23901
ColemanTransform.0.0.23902
ColemanTransform.0.0.23903
ColemanTransform.0.0.23904
ColemanTransform.0.0.23905
ColemanTransform.0.0.23906
ColemanTransform.0.0.23907
ColemanTransform.0.0.23908
ColemanTransform.0.0.23909
ColemanTransform.0.0.23910
ColemanTransform.0.0.23911
ColemanTransform.0.0.23912
ColemanTransform.0.0.23913
ColemanTransform.0.0.23914
ColemanTransform.0.0.23915
ColemanTransform.0.0.23916
ColemanTransform.0.0.23917
ColemanTransform.0.0.23918
ColemanTransform.0.0.23919
ColemanTransform.0.0.23920
ColemanTransform.0.0.21
