 ROSCO Warning: Did not find correct size F_NotchCornerFreq in input file.  Using default value of [   0.0000000000000000      ]
 ROSCO Warning: Did not find correct size F_NotchCornerFreq in input file.  Using default value of [  -0.0000000000000000      ]
 ROSCO Warning: Did not find correct size F_NotchCornerFreq in input file.  Using default value of [   1.0000000000000000      ]
 ROSCO Warning: Did not find correct size F_NotchCornerFreq in input file.  Using default value of [  -1.0000000000000000      ]
 ROSCO Warning: Did not find correct size F_NotchCornerFreq in input file.  Using default value of [  0.12345678901234568      ]
 ROSCO Warning: Did not find correct size F_NotchCornerFreq in input file.  Using default value of [   1.2345678901234567      ]
 ROSCO Warning: Did not find correct size F_NotchCornerFreq in input file.  Using default value of [   12.345678901234567      ]
 ROSCO Warning: Did not find correct size F_NotchCornerFreq in input file.  Using default value of [   123.45678901234567      ]
 ROSCO Warning: Did not find correct size F_NotchCornerFreq in input file.  Using default value of [   1234.5678901234567      ]
 ROSCO Warning: Did not find correct size F_NotchCornerFreq in input file.  Using default value of [   12345.678901234567      ]
 ROSCO Warning: Did not find correct size F_NotchCornerFreq in input file.  Using default value of [   123456.78901234567      ]
 ROSCO Warning: Did not find correct size F_NotchCornerFreq in input file.  Using default value of [   1234567.8901234567      ]
 ROSCO Warning: Did not find correct size F_NotchCornerFreq in input file.  Using default value of [   12345678.901234567      ]
 ROSCO Warning: Did not find correct size F_NotchCornerFreq in input file.  Using default value of [   123456789.01234567      ]
 ROSCO Warning: Did not find correct size F_NotchCornerFreq in input file.  Using default value of [   1234567890.1234567      ]
 ROSCO Warning: Did not find correct size F_NotchCornerFreq in input file.  Using default value of [   12345678901.234568      ]
 ROSCO Warning: Did not find correct size F_NotchCornerFreq in input file.  Using default value of [   123456789012.34567      ]
 ROSCO Warning: Did not find correct size F_NotchCornerFreq in input file.  Using default value of [   1234567890123.4568      ]
 ROSCO Warning: Did not find correct size F_NotchCornerFreq in input file.  Using default value of [   12345678901234.566      ]
 ROSCO Warning: Did not find correct size F_NotchCornerFreq in input file.  Using default value of [   123456789012345.67      ]
 ROSCO Warning: Did not find correct size F_NotchCornerFreq in input file.  Using default value of [   1234567890123456.8      ]
 ROSCO Warning: Did not find correct size F_NotchCornerFreq in input file.  Using default value of [   12345678901234566.      ]
 ROSCO Warning: Did not find correct size F_NotchCornerFreq in input file.  Using default value of [   1.2345678901234567E-002 ]
 ROSCO Warning: Did not find correct size F_NotchCornerFreq in input file.  Using default value of [   1.2345678901234566E+017 ]
 ROSCO Warning: Did not find correct size F_NotchCornerFreq in input file.  Using default value of [   1.0000000000000000E+017 ]
 ROSCO Warning: Did not find correct size F_NotchCornerFreq in input file.  Using default value of [   1.0000000000000000E-100 ]
 ROSCO Warning: Did not find correct size F_NotchCornerFreq in input file.  Using default value of [   1.0000000000000000E+100 ]
 ROSCO Warning: Did not find correct size F_NotchCornerFreq in input file.  Using default value of [   1.0000000000000000E-300 ]
 ROSCO Warning: Did not find correct size F_NotchCornerFreq in input file.  Using default value of [   1.0000000000000001E+300 ]
 ROSCO Warning: Did not find correct size F_NotchCornerFreq in input file.  Using default value of [   2.2250738585072014E-308 ]
 ROSCO Warning: Did not find correct size F_NotchCornerFreq in input file.  Using default value of [   1.7976931348623157E+308 ]
 ROSCO Warning: Did not find correct size F_NotchCornerFreq in input file.  Using default value of [   5.5626846462680035E-309 ]
 ROSCO Warning: Did not find correct size F_NotchCornerFreq in input file.  Using default value of [                       NaN ]
 ROSCO Warning: Did not find correct size F_NotchCornerFreq in input file.  Using default value of [                  Infinity ]
 ROSCO Warning: Did not find correct size F_NotchCornerFreq in input file.  Using default value of [                 -Infinity ]
 ROSCO Warning: Did not find correct size F_NotchCornerFreq in input file.  Using default value of [   0.0000000000000000        1.5000000000000000      ]
 ROSCO Warning: Did not find correct size F_NotchCornerFreq in input file.  Using default value of [  -2.5000000000000000        3.7499999999999998E-008   0.0000000000000000      ]
 ROSCO Warning: Did not find correct size F_NotchCornerFreq in input file.  Using default value of [                  Infinity                       NaN   1.0000000000000000                      -Infinity ]
 ROSCO Warning: Did not find correct size F_NotchCornerFreq in input file.  Using default value of []
 ROSCO Warning: Did not find correct size  in input file.  Using default value of [   0.0000000000000000      ]
 ROSCO Warning: Did not find correct size X in input file.  Using default value of [   0.0000000000000000      ]
 ROSCO Warning: Did not find correct size AAAAAAAAAAAAAAAAAAAAAAAAAAAAAAAAAAAAAAAAAAAAAAAAAAAAAAAAAAAA in input file.  Using default value of [   0.0000000000000000      ]
 ROSCO Warning: Did not find correct size BBBBBBBBBBBBBBBBBBBBBBBBBBBBBBBBBBBBBBBBBBBBBBBBBBBBBBBBBBBBBBBBBBBBBBBBBBBBBBBBBBBBBBBBBBBBBBBBBBBBBBBBBBBBBBBBBBBBBBBBBBBBBBBBBBBBBBBBBBBBBBBBBBBBBBBBBBBBBBBBBBBBBBBBBBBBBBBBBBBBBBBBBBBBBBBBBBBBBBB in input file.  Using default value of [   0.0000000000000000      ]
 ROSCO Warning: Did not find correct size IPC_Vramp in input file.  Using default value of [   9.1199999999999992        11.400000000000000      ]
