 ROSCO Warning: Did not find correct size PerfTableSize in input file.  Using default value of [           0 ]
 ROSCO Warning: Did not find correct size PerfTableSize in input file.  Using default value of [           1 ]
 ROSCO Warning: Did not find correct size PerfTableSize in input file.  Using default value of [          -1 ]
 ROSCO Warning: Did not find correct size PerfTableSize in input file.  Using default value of [           9 ]
 ROSCO Warning: Did not find correct size PerfTableSize in input file.  Using default value of [          99 ]
 ROSCO Warning: Did not find correct size PerfTableSize in input file.  Using default value of [         999 ]
 ROSCO Warning: Did not find correct size PerfTableSize in input file.  Using default value of [        9999 ]
 ROSCO Warning: Did not find correct size PerfTableSize in input file.  Using default value of [       99999 ]
 ROSCO Warning: Did not find correct size PerfTableSize in input file.  Using default value of [      999999 ]
 ROSCO Warning: Did not find correct size PerfTableSize in input file.  Using default value of [     9999999 ]
 ROSCO Warning: Did not find correct size PerfTableSize in input file.  Using default value of [    99999999 ]
 ROSCO Warning: Did not find correct size PerfTableSize in input file.  Using default value of [   999999999 ]
 ROSCO Warning: Did not find correct size PerfTableSize in input file.  Using default value of [          -9 ]
 ROSCO Warning: Did not find correct size PerfTableSize in input file.  Using default value of [   -99999999 ]
 ROSCO Warning: Did not find correct size PerfTableSize in input file.  Using default value of [  -999999999 ]
 ROSCO Warning: Did not find correct size PerfTableSize in input file.  Using default value of [  2147483647 ]
 ROSCO Warning: Did not find correct size PerfTableSize in input file.  Using default value of [ -2147483647 ]
 ROSCO Warning: Did not find correct size PerfTableSize in input file.  Using default value of [ -2147483648 ]
 ROSCO Warning: Did not find correct size PerfTableSize in input file.  Using default value of [           0           0 ]
 ROSCO Warning: Did not find correct size PerfTableSize in input file.  Using default value of [           1          -1 ]
 ROSCO Warning: Did not find correct size PerfTableSize in input file.  Using default value of [           0           0           0 ]
 ROSCO Warning: Did not find correct size PerfTableSize in input file.  Using default value of [  2147483647 -2147483648           0 ]
 ROSCO Warning: Did not find correct size PerfTableSize in input file.  Using default value of [          -1          22        -333        4444 ]
 ROSCO Warning: Did not find correct size PerfTableSize in input file.  Using default value of [           1           2           3           4           5 ]
 ROSCO Warning: Did not find correct size PerfTableSize in input file.  Using default value of []
 ROSCO Warning: Did not find correct size  in input file.  Using default value of [           0 ]
 ROSCO Warning: Did not find correct size X in input file.  Using default value of [           0 ]
 ROSCO Warning: Did not find correct size AB in input file.  Using default value of [           0 ]
 ROSCO Warning: Did not find correct size AAAAAAAAAAAAAAAAAAAAAAAAAAAAAAAAAAAAAAAAAAAAAAAAAAAAAAAAAAAA in input file.  Using default value of [           0 ]
 ROSCO Warning: Did not find correct size BBBBBBBBBBBBBBBBBBBBBBBBBBBBBBBBBBBBBBBBBBBBBBBBBBBBBBBBBBBBBBBBBBBBBBBBBBBBBBBBBBBBBBBBBBBBBBBBBBBBBBBBBBBBBBBBBBBBBBBBBBBBBBBBBBBBBBBBBBBBBBBBBBBBBBBBBBBBBBBBBBBBBBBBBBBBBBBBBBBBBBBBBBBBBBBBBBBBBBB in input file.  Using default value of [           0 ]
 ROSCO Warning: Did not find correct size CCCCCCCCCCCCCCCCCCCCCCCCCCCCCCCCCCCCCCCCCCCCCCCCCCCCCCCCCCCCCCCCCCCCCCCCCCCCCCCCCCCCCCCCCCCCCCCCCCCCCCCCCCCCCCCCCCCCCCCCCCCCCCCCCCCCCCCCCCCCCCCCCCCCCCCCCCCCCCCCCCCCCCCCCCCCCCCCCCCCCCCCCCCCCCCCCCCCCCCC in input file.  Using default value of [           0 ]
 ROSCO Warning: Did not find correct size A B  C in input file.  Using default value of [           0 ]
 ROSCO Warning: Did not find correct size Ind_BldPitch in input file.  Using default value of [           3           4           5 ]
 ROSCO Warning: Did not find correct size F_GenSpdNotch_Ind in input file.  Using default value of [           0           0 ]
