NotchFilterSlopes.0.0.1
NotchFilterSlopes.0.0.10
NotchFilterSlopes.0.0.11
NotchFilterSlopes.0.0.12
NotchFilterSlopes.0.0.12000
NotchFilterSlopes.0.0.12001
NotchFilterSlopes.0.0.12002
NotchFilterSlopes.0.0.12003
NotchFilterSlopes.0.0.12004
NotchFilterSlopes.0.0.12005
NotchFilterSlopes.0.0.12006
NotchFilterSlopes.0.0.12007
NotchFilterSlopes.0.0.12008
NotchFilterSlopes.0.0.12009
NotchFilterSlopes.0.0.12010
NotchFilterSlopes.0.0.12011
NotchFilterSlopes.0.0.12012
NotchFilterSlopes.0.0.12013
NotchFilterSlopes.0.0.12014
NotchFilterSlopes.0.0.12015
NotchFilterSlopes.0.0.12016
NotchFilterSlopes.0.0.12017
NotchFilterSlopes.0.0.12018
NotchFilterSlopes.0.0.12019
NotchFilterSlopes.0.0.12020
NotchFilterSlopes.0.0.13
NotchFilterSlopes.0.0.14
NotchFilterSlopes.0.0.15
NotchFilterSlopes.0.0.16
NotchFilterSlopes.0.0.17
NotchFilterSlopes.0.0.18
NotchFilterSlopes.0.0.19
NotchFilterSlopes.0.0.2
NotchFilterSlopes.0.0.20
NotchFilterSlopes.0.0.23900
NotchFilterSlopes.0.0.23901
NotchFilterSlopes.0.0.23902
NotchFilterSlopes.0.0.23903
NotchFilterSlopes.0.0.23904
NotchFilterSlopes.0.0.23905
NotchFilterSlopes.0.0.23906
NotchFilterSlopes.0.0.23907
NotchFilterSlopes.0.0.23908
NotchFilterSlopes.0.0.23909
NotchFilterSlopes.0.0.23910
NotchFilterSlopes.0.0.23911
NotchFilterSlopes.0.0.23912
NotchFilterSlopes.0.0.23913
NotchFilterSlopes.0.0.23914
NotchFilterSlopes.0.0.23915
NotchFilterSlopes.0.0.23916
NotchFilterSlopes.0.0.23917
NotchFilterSlopes.0.0.23918
NotchFilterSlopes.0.0.23919
NotchFilterSlopes.0.0.23920
NotchFilterSlopes.0.0.3
NotchFilterSlopes.0.0.4
NotchFilterSlopes.0.0.5
NotchFilterSlopes.0.0.6
NotchFilterSlopes.0.0.7
NotchFilterSlopes.0.0.8
NotchFilterSlopes.0.0.9
